<?xml version="1.0"?>
<link_info>
   <banner>TI ARM Linker PC v5.1.6</banner>
   <copyright>Copyright (c) 1996-2014 Texas Instruments Incorporated</copyright>
   <link_time>0x542e22d8</link_time>
   <link_errors>0x0</link_errors>
   <output_file>oob.out</output_file>
   <entry_point>
      <name>_c_int00</name>
      <address>0x2000de7d</address>
   </entry_point>
   <input_file_list>
      <input_file id="fl-2">
         <path>.\</path>
         <kind>object</kind>
         <file>bma222drv.obj</file>
         <name>bma222drv.obj</name>
      </input_file>
      <input_file id="fl-3">
         <path>.\</path>
         <kind>object</kind>
         <file>device_status.obj</file>
         <name>device_status.obj</name>
      </input_file>
      <input_file id="fl-4">
         <path>.\</path>
         <kind>object</kind>
         <file>gpio_if.obj</file>
         <name>gpio_if.obj</name>
      </input_file>
      <input_file id="fl-5">
         <path>.\</path>
         <kind>object</kind>
         <file>i2c_if.obj</file>
         <name>i2c_if.obj</name>
      </input_file>
      <input_file id="fl-6">
         <path>.\</path>
         <kind>object</kind>
         <file>main.obj</file>
         <name>main.obj</name>
      </input_file>
      <input_file id="fl-7">
         <path>.\</path>
         <kind>object</kind>
         <file>pinmux.obj</file>
         <name>pinmux.obj</name>
      </input_file>
      <input_file id="fl-8">
         <path>.\</path>
         <kind>object</kind>
         <file>smartconfig.obj</file>
         <name>smartconfig.obj</name>
      </input_file>
      <input_file id="fl-9">
         <path>.\</path>
         <kind>object</kind>
         <file>startup_ccs.obj</file>
         <name>startup_ccs.obj</name>
      </input_file>
      <input_file id="fl-a">
         <path>.\</path>
         <kind>object</kind>
         <file>tmp006drv.obj</file>
         <name>tmp006drv.obj</name>
      </input_file>
      <input_file id="fl-b">
         <path>.\</path>
         <kind>object</kind>
         <file>uart_if.obj</file>
         <name>uart_if.obj</name>
      </input_file>
      <input_file id="fl-13b">
         <path>c:\ti\ccsv6\tools\compiler\arm_5.1.6\lib\</path>
         <kind>archive</kind>
         <file>rtsv7M4_T_le_eabi.lib</file>
         <name>boot.obj</name>
      </input_file>
      <input_file id="fl-13c">
         <path>c:\ti\ccsv6\tools\compiler\arm_5.1.6\lib\</path>
         <kind>archive</kind>
         <file>rtsv7M4_T_le_eabi.lib</file>
         <name>copy_decompress_none.obj</name>
      </input_file>
      <input_file id="fl-13d">
         <path>c:\ti\ccsv6\tools\compiler\arm_5.1.6\lib\</path>
         <kind>archive</kind>
         <file>rtsv7M4_T_le_eabi.lib</file>
         <name>copy_decompress_rle.obj</name>
      </input_file>
      <input_file id="fl-13e">
         <path>c:\ti\ccsv6\tools\compiler\arm_5.1.6\lib\</path>
         <kind>archive</kind>
         <file>rtsv7M4_T_le_eabi.lib</file>
         <name>copy_zero_init.obj</name>
      </input_file>
      <input_file id="fl-13f">
         <path>c:\ti\ccsv6\tools\compiler\arm_5.1.6\lib\</path>
         <kind>archive</kind>
         <file>rtsv7M4_T_le_eabi.lib</file>
         <name>exit.obj</name>
      </input_file>
      <input_file id="fl-140">
         <path>c:\ti\ccsv6\tools\compiler\arm_5.1.6\lib\</path>
         <kind>archive</kind>
         <file>rtsv7M4_T_le_eabi.lib</file>
         <name>fd_add_t2.obj</name>
      </input_file>
      <input_file id="fl-141">
         <path>c:\ti\ccsv6\tools\compiler\arm_5.1.6\lib\</path>
         <kind>archive</kind>
         <file>rtsv7M4_T_le_eabi.lib</file>
         <name>fd_div_t2.obj</name>
      </input_file>
      <input_file id="fl-142">
         <path>c:\ti\ccsv6\tools\compiler\arm_5.1.6\lib\</path>
         <kind>archive</kind>
         <file>rtsv7M4_T_le_eabi.lib</file>
         <name>fd_mul_t2.obj</name>
      </input_file>
      <input_file id="fl-143">
         <path>c:\ti\ccsv6\tools\compiler\arm_5.1.6\lib\</path>
         <kind>archive</kind>
         <file>rtsv7M4_T_le_eabi.lib</file>
         <name>fd_tos_t2.obj</name>
      </input_file>
      <input_file id="fl-144">
         <path>c:\ti\ccsv6\tools\compiler\arm_5.1.6\lib\</path>
         <kind>archive</kind>
         <file>rtsv7M4_T_le_eabi.lib</file>
         <name>fs_add_t2.obj</name>
      </input_file>
      <input_file id="fl-145">
         <path>c:\ti\ccsv6\tools\compiler\arm_5.1.6\lib\</path>
         <kind>archive</kind>
         <file>rtsv7M4_T_le_eabi.lib</file>
         <name>fs_div_t2.obj</name>
      </input_file>
      <input_file id="fl-146">
         <path>c:\ti\ccsv6\tools\compiler\arm_5.1.6\lib\</path>
         <kind>archive</kind>
         <file>rtsv7M4_T_le_eabi.lib</file>
         <name>fs_mul_t2.obj</name>
      </input_file>
      <input_file id="fl-147">
         <path>c:\ti\ccsv6\tools\compiler\arm_5.1.6\lib\</path>
         <kind>archive</kind>
         <file>rtsv7M4_T_le_eabi.lib</file>
         <name>fs_tou_t2.obj</name>
      </input_file>
      <input_file id="fl-148">
         <path>c:\ti\ccsv6\tools\compiler\arm_5.1.6\lib\</path>
         <kind>archive</kind>
         <file>rtsv7M4_T_le_eabi.lib</file>
         <name>i_tofd_t2.obj</name>
      </input_file>
      <input_file id="fl-149">
         <path>c:\ti\ccsv6\tools\compiler\arm_5.1.6\lib\</path>
         <kind>archive</kind>
         <file>rtsv7M4_T_le_eabi.lib</file>
         <name>memcmp.obj</name>
      </input_file>
      <input_file id="fl-14a">
         <path>c:\ti\ccsv6\tools\compiler\arm_5.1.6\lib\</path>
         <kind>archive</kind>
         <file>rtsv7M4_T_le_eabi.lib</file>
         <name>memcpy_t2.obj</name>
      </input_file>
      <input_file id="fl-14b">
         <path>c:\ti\ccsv6\tools\compiler\arm_5.1.6\lib\</path>
         <kind>archive</kind>
         <file>rtsv7M4_T_le_eabi.lib</file>
         <name>memmov.obj</name>
      </input_file>
      <input_file id="fl-14c">
         <path>c:\ti\ccsv6\tools\compiler\arm_5.1.6\lib\</path>
         <kind>archive</kind>
         <file>rtsv7M4_T_le_eabi.lib</file>
         <name>memory.obj</name>
      </input_file>
      <input_file id="fl-14d">
         <path>c:\ti\ccsv6\tools\compiler\arm_5.1.6\lib\</path>
         <kind>archive</kind>
         <file>rtsv7M4_T_le_eabi.lib</file>
         <name>memset_t2.obj</name>
      </input_file>
      <input_file id="fl-14e">
         <path>c:\ti\ccsv6\tools\compiler\arm_5.1.6\lib\</path>
         <kind>archive</kind>
         <file>rtsv7M4_T_le_eabi.lib</file>
         <name>pow.obj</name>
      </input_file>
      <input_file id="fl-14f">
         <path>c:\ti\ccsv6\tools\compiler\arm_5.1.6\lib\</path>
         <kind>archive</kind>
         <file>rtsv7M4_T_le_eabi.lib</file>
         <name>stkdepth_vars.obj</name>
      </input_file>
      <input_file id="fl-150">
         <path>c:\ti\ccsv6\tools\compiler\arm_5.1.6\lib\</path>
         <kind>archive</kind>
         <file>rtsv7M4_T_le_eabi.lib</file>
         <name>strcpy.obj</name>
      </input_file>
      <input_file id="fl-151">
         <path>c:\ti\ccsv6\tools\compiler\arm_5.1.6\lib\</path>
         <kind>archive</kind>
         <file>rtsv7M4_T_le_eabi.lib</file>
         <name>strlen.obj</name>
      </input_file>
      <input_file id="fl-152">
         <path>c:\ti\ccsv6\tools\compiler\arm_5.1.6\lib\</path>
         <kind>archive</kind>
         <file>rtsv7M4_T_le_eabi.lib</file>
         <name>vsnprintf.obj</name>
      </input_file>
      <input_file id="fl-153">
         <path>c:\ti\ccsv6\tools\compiler\arm_5.1.6\lib\</path>
         <kind>archive</kind>
         <file>rtsv7M4_T_le_eabi.lib</file>
         <name>xdint.obj</name>
      </input_file>
      <input_file id="fl-154">
         <path>c:\ti\ccsv6\tools\compiler\arm_5.1.6\lib\</path>
         <kind>archive</kind>
         <file>rtsv7M4_T_le_eabi.lib</file>
         <name>xdunscal.obj</name>
      </input_file>
      <input_file id="fl-155">
         <path>c:\ti\ccsv6\tools\compiler\arm_5.1.6\lib\</path>
         <kind>archive</kind>
         <file>rtsv7M4_T_le_eabi.lib</file>
         <name>xexp.obj</name>
      </input_file>
      <input_file id="fl-156">
         <path>c:\ti\ccsv6\tools\compiler\arm_5.1.6\lib\</path>
         <kind>archive</kind>
         <file>rtsv7M4_T_le_eabi.lib</file>
         <name>xferaise.obj</name>
      </input_file>
      <input_file id="fl-157">
         <path>c:\ti\ccsv6\tools\compiler\arm_5.1.6\lib\</path>
         <kind>archive</kind>
         <file>rtsv7M4_T_le_eabi.lib</file>
         <name>xvalues.obj</name>
      </input_file>
      <input_file id="fl-158">
         <path>c:\ti\ccsv6\tools\compiler\arm_5.1.6\lib\</path>
         <kind>archive</kind>
         <file>rtsv7M4_T_le_eabi.lib</file>
         <name>_lock.obj</name>
      </input_file>
      <input_file id="fl-159">
         <path>c:\ti\ccsv6\tools\compiler\arm_5.1.6\lib\</path>
         <kind>archive</kind>
         <file>rtsv7M4_T_le_eabi.lib</file>
         <name>_printfi.obj</name>
      </input_file>
      <input_file id="fl-15a">
         <path>c:\ti\ccsv6\tools\compiler\arm_5.1.6\lib\</path>
         <kind>archive</kind>
         <file>rtsv7M4_T_le_eabi.lib</file>
         <name>args_main.obj</name>
      </input_file>
      <input_file id="fl-15b">
         <path>c:\ti\ccsv6\tools\compiler\arm_5.1.6\lib\</path>
         <kind>archive</kind>
         <file>rtsv7M4_T_le_eabi.lib</file>
         <name>atoi.obj</name>
      </input_file>
      <input_file id="fl-15c">
         <path>c:\ti\ccsv6\tools\compiler\arm_5.1.6\lib\</path>
         <kind>archive</kind>
         <file>rtsv7M4_T_le_eabi.lib</file>
         <name>auto_init.obj</name>
      </input_file>
      <input_file id="fl-15d">
         <path>c:\ti\ccsv6\tools\compiler\arm_5.1.6\lib\</path>
         <kind>archive</kind>
         <file>rtsv7M4_T_le_eabi.lib</file>
         <name>cpy_tbl.obj</name>
      </input_file>
      <input_file id="fl-15e">
         <path>c:\ti\ccsv6\tools\compiler\arm_5.1.6\lib\</path>
         <kind>archive</kind>
         <file>rtsv7M4_T_le_eabi.lib</file>
         <name>ctype.obj</name>
      </input_file>
      <input_file id="fl-15f">
         <path>c:\ti\ccsv6\tools\compiler\arm_5.1.6\lib\</path>
         <kind>archive</kind>
         <file>rtsv7M4_T_le_eabi.lib</file>
         <name>errno.obj</name>
      </input_file>
      <input_file id="fl-160">
         <path>c:\ti\ccsv6\tools\compiler\arm_5.1.6\lib\</path>
         <kind>archive</kind>
         <file>rtsv7M4_T_le_eabi.lib</file>
         <name>fd_cmp_t2.obj</name>
      </input_file>
      <input_file id="fl-161">
         <path>c:\ti\ccsv6\tools\compiler\arm_5.1.6\lib\</path>
         <kind>archive</kind>
         <file>rtsv7M4_T_le_eabi.lib</file>
         <name>fd_toi_t2.obj</name>
      </input_file>
      <input_file id="fl-162">
         <path>c:\ti\ccsv6\tools\compiler\arm_5.1.6\lib\</path>
         <kind>archive</kind>
         <file>rtsv7M4_T_le_eabi.lib</file>
         <name>feraiseexcept.obj</name>
      </input_file>
      <input_file id="fl-163">
         <path>c:\ti\ccsv6\tools\compiler\arm_5.1.6\lib\</path>
         <kind>archive</kind>
         <file>rtsv7M4_T_le_eabi.lib</file>
         <name>fs_toi_t2.obj</name>
      </input_file>
      <input_file id="fl-164">
         <path>c:\ti\ccsv6\tools\compiler\arm_5.1.6\lib\</path>
         <kind>archive</kind>
         <file>rtsv7M4_T_le_eabi.lib</file>
         <name>ll_mul_t2.obj</name>
      </input_file>
      <input_file id="fl-165">
         <path>c:\ti\ccsv6\tools\compiler\arm_5.1.6\lib\</path>
         <kind>archive</kind>
         <file>rtsv7M4_T_le_eabi.lib</file>
         <name>log.obj</name>
      </input_file>
      <input_file id="fl-166">
         <path>c:\ti\ccsv6\tools\compiler\arm_5.1.6\lib\</path>
         <kind>archive</kind>
         <file>rtsv7M4_T_le_eabi.lib</file>
         <name>ltoa.obj</name>
      </input_file>
      <input_file id="fl-167">
         <path>c:\ti\ccsv6\tools\compiler\arm_5.1.6\lib\</path>
         <kind>archive</kind>
         <file>rtsv7M4_T_le_eabi.lib</file>
         <name>memccpy.obj</name>
      </input_file>
      <input_file id="fl-168">
         <path>c:\ti\ccsv6\tools\compiler\arm_5.1.6\lib\</path>
         <kind>archive</kind>
         <file>rtsv7M4_T_le_eabi.lib</file>
         <name>raise.obj</name>
      </input_file>
      <input_file id="fl-169">
         <path>c:\ti\ccsv6\tools\compiler\arm_5.1.6\lib\</path>
         <kind>archive</kind>
         <file>rtsv7M4_T_le_eabi.lib</file>
         <name>signal.obj</name>
      </input_file>
      <input_file id="fl-16a">
         <path>c:\ti\ccsv6\tools\compiler\arm_5.1.6\lib\</path>
         <kind>archive</kind>
         <file>rtsv7M4_T_le_eabi.lib</file>
         <name>ull_div_t2.obj</name>
      </input_file>
      <input_file id="fl-16b">
         <path>c:\ti\ccsv6\tools\compiler\arm_5.1.6\lib\</path>
         <kind>archive</kind>
         <file>rtsv7M4_T_le_eabi.lib</file>
         <name>xdclass.obj</name>
      </input_file>
      <input_file id="fl-16c">
         <path>c:\ti\ccsv6\tools\compiler\arm_5.1.6\lib\</path>
         <kind>archive</kind>
         <file>rtsv7M4_T_le_eabi.lib</file>
         <name>xdnorm.obj</name>
      </input_file>
      <input_file id="fl-16d">
         <path>c:\ti\ccsv6\tools\compiler\arm_5.1.6\lib\</path>
         <kind>archive</kind>
         <file>rtsv7M4_T_le_eabi.lib</file>
         <name>xdscale.obj</name>
      </input_file>
      <input_file id="fl-16e">
         <path>c:\ti\ccsv6\tools\compiler\arm_5.1.6\lib\</path>
         <kind>archive</kind>
         <file>rtsv7M4_T_le_eabi.lib</file>
         <name>xdtest.obj</name>
      </input_file>
      <input_file id="fl-16f">
         <path>c:\ti\ccsv6\tools\compiler\arm_5.1.6\lib\</path>
         <kind>archive</kind>
         <file>rtsv7M4_T_le_eabi.lib</file>
         <name>xlog.obj</name>
      </input_file>
      <input_file id="fl-170">
         <path>c:\ti\ccsv6\tools\compiler\arm_5.1.6\lib\</path>
         <kind>archive</kind>
         <file>rtsv7M4_T_le_eabi.lib</file>
         <name>fs_tod_t2.obj</name>
      </input_file>
      <input_file id="fl-171">
         <path>c:\ti\ccsv6\tools\compiler\arm_5.1.6\lib\</path>
         <kind>archive</kind>
         <file>rtsv7M4_T_le_eabi.lib</file>
         <name>xfvalues.obj</name>
      </input_file>
      <input_file id="fl-172">
         <path>C:\ti\CC3200SDK_1.0.0\cc3200-sdk\driverlib\ccs\Release\</path>
         <kind>archive</kind>
         <file>driverlib.a</file>
         <name>gpio.obj</name>
      </input_file>
      <input_file id="fl-173">
         <path>C:\ti\CC3200SDK_1.0.0\cc3200-sdk\driverlib\ccs\Release\</path>
         <kind>archive</kind>
         <file>driverlib.a</file>
         <name>i2c.obj</name>
      </input_file>
      <input_file id="fl-174">
         <path>C:\ti\CC3200SDK_1.0.0\cc3200-sdk\driverlib\ccs\Release\</path>
         <kind>archive</kind>
         <file>driverlib.a</file>
         <name>interrupt.obj</name>
      </input_file>
      <input_file id="fl-175">
         <path>C:\ti\CC3200SDK_1.0.0\cc3200-sdk\driverlib\ccs\Release\</path>
         <kind>archive</kind>
         <file>driverlib.a</file>
         <name>pin.obj</name>
      </input_file>
      <input_file id="fl-176">
         <path>C:\ti\CC3200SDK_1.0.0\cc3200-sdk\driverlib\ccs\Release\</path>
         <kind>archive</kind>
         <file>driverlib.a</file>
         <name>prcm.obj</name>
      </input_file>
      <input_file id="fl-177">
         <path>C:\ti\CC3200SDK_1.0.0\cc3200-sdk\driverlib\ccs\Release\</path>
         <kind>archive</kind>
         <file>driverlib.a</file>
         <name>uart.obj</name>
      </input_file>
      <input_file id="fl-178">
         <path>C:\ti\CC3200SDK_1.0.0\cc3200-sdk\driverlib\ccs\Release\</path>
         <kind>archive</kind>
         <file>driverlib.a</file>
         <name>utils.obj</name>
      </input_file>
      <input_file id="fl-179">
         <path>C:\ti\CC3200SDK_1.0.0\cc3200-sdk\driverlib\ccs\Release\</path>
         <kind>archive</kind>
         <file>driverlib.a</file>
         <name>cpu.obj</name>
      </input_file>
      <input_file id="fl-17a">
         <path>C:\ti\CC3200SDK_1.0.0\cc3200-sdk\driverlib\ccs\Release\</path>
         <kind>archive</kind>
         <file>driverlib.a</file>
         <name>flash.obj</name>
      </input_file>
      <input_file id="fl-17b">
         <path>C:\ti\CC3200SDK_1.0.0\cc3200-sdk\simplelink\ccs\OS\</path>
         <kind>archive</kind>
         <file>simplelink.a</file>
         <name>device.obj</name>
      </input_file>
      <input_file id="fl-17c">
         <path>C:\ti\CC3200SDK_1.0.0\cc3200-sdk\simplelink\ccs\OS\</path>
         <kind>archive</kind>
         <file>simplelink.a</file>
         <name>driver.obj</name>
      </input_file>
      <input_file id="fl-17d">
         <path>C:\ti\CC3200SDK_1.0.0\cc3200-sdk\simplelink\ccs\OS\</path>
         <kind>archive</kind>
         <file>simplelink.a</file>
         <name>flowcont.obj</name>
      </input_file>
      <input_file id="fl-17e">
         <path>C:\ti\CC3200SDK_1.0.0\cc3200-sdk\simplelink\ccs\OS\</path>
         <kind>archive</kind>
         <file>simplelink.a</file>
         <name>netapp.obj</name>
      </input_file>
      <input_file id="fl-17f">
         <path>C:\ti\CC3200SDK_1.0.0\cc3200-sdk\simplelink\ccs\OS\</path>
         <kind>archive</kind>
         <file>simplelink.a</file>
         <name>socket.obj</name>
      </input_file>
      <input_file id="fl-180">
         <path>C:\ti\CC3200SDK_1.0.0\cc3200-sdk\simplelink\ccs\OS\</path>
         <kind>archive</kind>
         <file>simplelink.a</file>
         <name>wlan.obj</name>
      </input_file>
      <input_file id="fl-181">
         <path>C:\ti\CC3200SDK_1.0.0\cc3200-sdk\simplelink\ccs\OS\</path>
         <kind>archive</kind>
         <file>simplelink.a</file>
         <name>cc_pal.obj</name>
      </input_file>
      <input_file id="fl-182">
         <path>C:\ti\CC3200SDK_1.0.0\cc3200-sdk\oslib\ccs\free_rtos\</path>
         <kind>archive</kind>
         <file>free_rtos.a</file>
         <name>osi_freertos.obj</name>
      </input_file>
      <input_file id="fl-183">
         <path>C:\ti\CC3200SDK_1.0.0\cc3200-sdk\oslib\ccs\free_rtos\</path>
         <kind>archive</kind>
         <file>free_rtos.a</file>
         <name>port.obj</name>
      </input_file>
      <input_file id="fl-184">
         <path>C:\ti\CC3200SDK_1.0.0\cc3200-sdk\oslib\ccs\free_rtos\</path>
         <kind>archive</kind>
         <file>free_rtos.a</file>
         <name>portasm.obj</name>
      </input_file>
      <input_file id="fl-185">
         <path>C:\ti\CC3200SDK_1.0.0\cc3200-sdk\oslib\ccs\free_rtos\</path>
         <kind>archive</kind>
         <file>free_rtos.a</file>
         <name>queue.obj</name>
      </input_file>
      <input_file id="fl-186">
         <path>C:\ti\CC3200SDK_1.0.0\cc3200-sdk\oslib\ccs\free_rtos\</path>
         <kind>archive</kind>
         <file>free_rtos.a</file>
         <name>tasks.obj</name>
      </input_file>
      <input_file id="fl-187">
         <path>C:\ti\CC3200SDK_1.0.0\cc3200-sdk\oslib\ccs\free_rtos\</path>
         <kind>archive</kind>
         <file>free_rtos.a</file>
         <name>heap_3.obj</name>
      </input_file>
      <input_file id="fl-188">
         <path>C:\ti\CC3200SDK_1.0.0\cc3200-sdk\oslib\ccs\free_rtos\</path>
         <kind>archive</kind>
         <file>free_rtos.a</file>
         <name>list.obj</name>
      </input_file>
      <input_file id="fl-189">
         <path>c:\ti\ccsv6\tools\compiler\arm_5.1.6\lib\</path>
         <kind>archive</kind>
         <file>rtsv7M4_T_le_eabi.lib</file>
         <name>ll_lsr_t2.obj</name>
      </input_file>
      <input_file id="fl-18a">
         <path>C:\ti\CC3200SDK_1.0.0\cc3200-sdk\driverlib\ccs\Release\</path>
         <kind>archive</kind>
         <file>driverlib.a</file>
         <name>spi.obj</name>
      </input_file>
      <input_file id="fl-18b">
         <path>C:\ti\CC3200SDK_1.0.0\cc3200-sdk\driverlib\ccs\Release\</path>
         <kind>archive</kind>
         <file>driverlib.a</file>
         <name>udma.obj</name>
      </input_file>
   </input_file_list>
   <object_component_list>
      <object_component id="oc-e">
         <name>.intvecs</name>
         <load_address>0x20004000</load_address>
         <run_address>0x20004000</run_address>
         <size>0x400</size>
         <input_file_ref idref="fl-9"/>
      </object_component>
      <object_component id="oc-7a">
         <name>.text</name>
         <load_address>0x20004400</load_address>
         <run_address>0x20004400</run_address>
         <size>0x1258</size>
         <input_file_ref idref="fl-186"/>
      </object_component>
      <object_component id="oc-438">
         <name>.text</name>
         <load_address>0x20005658</load_address>
         <run_address>0x20005658</run_address>
         <size>0xec0</size>
         <input_file_ref idref="fl-159"/>
      </object_component>
      <object_component id="oc-a1">
         <name>.text</name>
         <load_address>0x20006518</load_address>
         <run_address>0x20006518</run_address>
         <size>0xeb0</size>
         <input_file_ref idref="fl-6"/>
      </object_component>
      <object_component id="oc-35a">
         <name>.text</name>
         <load_address>0x200073c8</load_address>
         <run_address>0x200073c8</run_address>
         <size>0xb24</size>
         <input_file_ref idref="fl-185"/>
      </object_component>
      <object_component id="oc-26e">
         <name>.text</name>
         <load_address>0x20007eec</load_address>
         <run_address>0x20007eec</run_address>
         <size>0x490</size>
         <input_file_ref idref="fl-14e"/>
      </object_component>
      <object_component id="oc-173">
         <name>.text</name>
         <load_address>0x2000837c</load_address>
         <run_address>0x2000837c</run_address>
         <size>0x45c</size>
         <input_file_ref idref="fl-182"/>
      </object_component>
      <object_component id="oc-13d">
         <name>.text</name>
         <load_address>0x200087d8</load_address>
         <run_address>0x200087d8</run_address>
         <size>0x434</size>
         <input_file_ref idref="fl-a"/>
      </object_component>
      <object_component id="oc-1e0">
         <name>.text</name>
         <load_address>0x20008c0c</load_address>
         <run_address>0x20008c0c</run_address>
         <size>0x3cc</size>
         <input_file_ref idref="fl-14c"/>
      </object_component>
      <object_component id="oc-645">
         <name>.text:_SlDrvMsgRead</name>
         <load_address>0x20008fd8</load_address>
         <run_address>0x20008fd8</run_address>
         <size>0x3a6</size>
         <input_file_ref idref="fl-17c"/>
      </object_component>
      <object_component id="oc-56c">
         <name>.text:IntDefaultHandler</name>
         <load_address>0x2000937e</load_address>
         <run_address>0x2000937e</run_address>
         <size>0x2</size>
         <input_file_ref idref="fl-174"/>
      </object_component>
      <object_component id="oc-14e">
         <name>.text</name>
         <load_address>0x20009380</load_address>
         <run_address>0x20009380</run_address>
         <size>0x354</size>
         <input_file_ref idref="fl-4"/>
      </object_component>
      <object_component id="oc-63f">
         <name>.text:_SlAsyncEventGenericHandler</name>
         <load_address>0x200096d4</load_address>
         <run_address>0x200096d4</run_address>
         <size>0x34c</size>
         <input_file_ref idref="fl-17c"/>
      </object_component>
      <object_component id="oc-615">
         <name>.text</name>
         <load_address>0x20009a20</load_address>
         <run_address>0x20009a20</run_address>
         <size>0x2e4</size>
         <input_file_ref idref="fl-16f"/>
      </object_component>
      <object_component id="oc-1af">
         <name>.text</name>
         <load_address>0x20009d04</load_address>
         <run_address>0x20009d04</run_address>
         <size>0x290</size>
         <input_file_ref idref="fl-5"/>
      </object_component>
      <object_component id="oc-11d">
         <name>.text</name>
         <load_address>0x20009f94</load_address>
         <run_address>0x20009f94</run_address>
         <size>0x26c</size>
         <input_file_ref idref="fl-b"/>
      </object_component>
      <object_component id="oc-477">
         <name>.text</name>
         <load_address>0x2000a200</load_address>
         <run_address>0x2000a200</run_address>
         <size>0x1fc</size>
         <input_file_ref idref="fl-155"/>
      </object_component>
      <object_component id="oc-5c6">
         <name>.text</name>
         <load_address>0x2000a3fc</load_address>
         <run_address>0x2000a3fc</run_address>
         <size>0x1f4</size>
         <input_file_ref idref="fl-16a"/>
      </object_component>
      <object_component id="oc-113">
         <name>.text</name>
         <load_address>0x2000a5f0</load_address>
         <run_address>0x2000a5f0</run_address>
         <size>0x1ec</size>
         <input_file_ref idref="fl-2"/>
      </object_component>
      <object_component id="oc-264">
         <name>.text</name>
         <load_address>0x2000a7dc</load_address>
         <run_address>0x2000a7dc</run_address>
         <size>0x1b6</size>
         <input_file_ref idref="fl-140"/>
      </object_component>
      <object_component id="oc-725">
         <name>.text:_SlDrvRxHdrRead</name>
         <load_address>0x2000a994</load_address>
         <run_address>0x2000a994</run_address>
         <size>0x140</size>
         <input_file_ref idref="fl-17c"/>
      </object_component>
      <object_component id="oc-274">
         <name>.text</name>
         <load_address>0x2000aad4</load_address>
         <run_address>0x2000aad4</run_address>
         <size>0x136</size>
         <input_file_ref idref="fl-141"/>
      </object_component>
      <object_component id="oc-19d">
         <name>.text:PRCMCC3200MCUInit</name>
         <load_address>0x2000ac0c</load_address>
         <run_address>0x2000ac0c</run_address>
         <size>0x134</size>
         <input_file_ref idref="fl-176"/>
      </object_component>
      <object_component id="oc-31d">
         <name>.text:spi_Open</name>
         <load_address>0x2000ad40</load_address>
         <run_address>0x2000ad40</run_address>
         <size>0x130</size>
         <input_file_ref idref="fl-181"/>
      </object_component>
      <object_component id="oc-d2">
         <name>.text</name>
         <load_address>0x2000ae70</load_address>
         <run_address>0x2000ae70</run_address>
         <size>0x12a</size>
         <input_file_ref idref="fl-188"/>
      </object_component>
      <object_component id="oc-38b">
         <name>.text:sl_NetAppPingStart</name>
         <load_address>0x2000af9c</load_address>
         <run_address>0x2000af9c</run_address>
         <size>0x124</size>
         <input_file_ref idref="fl-17e"/>
      </object_component>
      <object_component id="oc-49e">
         <name>.text:_SlDrvMsgWrite</name>
         <load_address>0x2000b0c0</load_address>
         <run_address>0x2000b0c0</run_address>
         <size>0x114</size>
         <input_file_ref idref="fl-17c"/>
      </object_component>
      <object_component id="oc-37">
         <name>.text</name>
         <load_address>0x2000b1d4</load_address>
         <run_address>0x2000b1d4</run_address>
         <size>0x110</size>
         <input_file_ref idref="fl-183"/>
      </object_component>
      <object_component id="oc-61d">
         <name>.text</name>
         <load_address>0x2000b2e4</load_address>
         <run_address>0x2000b2e4</run_address>
         <size>0x110</size>
         <input_file_ref idref="fl-16d"/>
      </object_component>
      <object_component id="oc-2da">
         <name>.text:_SlDrvWaitForPoolObj</name>
         <load_address>0x2000b3f4</load_address>
         <run_address>0x2000b3f4</run_address>
         <size>0x10c</size>
         <input_file_ref idref="fl-17c"/>
      </object_component>
      <object_component id="oc-2e0">
         <name>.text:_SlDrvReleasePoolObj</name>
         <load_address>0x2000b500</load_address>
         <run_address>0x2000b500</run_address>
         <size>0x104</size>
         <input_file_ref idref="fl-17c"/>
      </object_component>
      <object_component id="oc-269">
         <name>.text</name>
         <load_address>0x2000b604</load_address>
         <run_address>0x2000b604</run_address>
         <size>0xfc</size>
         <input_file_ref idref="fl-142"/>
      </object_component>
      <object_component id="oc-28d">
         <name>.text</name>
         <load_address>0x2000b700</load_address>
         <run_address>0x2000b700</run_address>
         <size>0xfa</size>
         <input_file_ref idref="fl-144"/>
      </object_component>
      <object_component id="oc-6e5">
         <name>.text:uDMAChannelTransferSet</name>
         <load_address>0x2000b7fc</load_address>
         <run_address>0x2000b7fc</run_address>
         <size>0xf0</size>
         <input_file_ref idref="fl-18b"/>
      </object_component>
      <object_component id="oc-17f">
         <name>.text</name>
         <load_address>0x2000b8ec</load_address>
         <run_address>0x2000b8ec</run_address>
         <size>0xe8</size>
         <input_file_ref idref="fl-8"/>
      </object_component>
      <object_component id="oc-635">
         <name>.text:spi_Write</name>
         <load_address>0x2000b9d4</load_address>
         <run_address>0x2000b9d4</run_address>
         <size>0xe8</size>
         <input_file_ref idref="fl-181"/>
      </object_component>
      <object_component id="oc-385">
         <name>.text:sl_NetAppDnsGetHostByName</name>
         <load_address>0x2000babc</load_address>
         <run_address>0x2000babc</run_address>
         <size>0xd8</size>
         <input_file_ref idref="fl-17e"/>
      </object_component>
      <object_component id="oc-731">
         <name>.text:spi_Read</name>
         <load_address>0x2000bb94</load_address>
         <run_address>0x2000bb94</run_address>
         <size>0xcc</size>
         <input_file_ref idref="fl-181"/>
      </object_component>
      <object_component id="oc-45b">
         <name>.text</name>
         <load_address>0x2000bc60</load_address>
         <run_address>0x2000bc60</run_address>
         <size>0xc4</size>
         <input_file_ref idref="fl-153"/>
      </object_component>
      <object_component id="oc-5fd">
         <name>.text</name>
         <load_address>0x2000bd24</load_address>
         <run_address>0x2000bd24</run_address>
         <size>0xc4</size>
         <input_file_ref idref="fl-16c"/>
      </object_component>
      <object_component id="oc-15a">
         <name>.text:sl_Stop</name>
         <load_address>0x2000bde8</load_address>
         <run_address>0x2000bde8</run_address>
         <size>0xc4</size>
         <input_file_ref idref="fl-17b"/>
      </object_component>
      <object_component id="oc-160">
         <name>.text:sl_Start</name>
         <load_address>0x2000beac</load_address>
         <run_address>0x2000beac</run_address>
         <size>0xc0</size>
         <input_file_ref idref="fl-17b"/>
      </object_component>
      <object_component id="oc-32">
         <name>.text</name>
         <load_address>0x2000bf6c</load_address>
         <run_address>0x2000bf6c</run_address>
         <size>0xba</size>
         <input_file_ref idref="fl-184"/>
      </object_component>
      <object_component id="oc-4a4">
         <name>.text:_SlDrvMsgReadCmdCtx</name>
         <load_address>0x2000c028</load_address>
         <run_address>0x2000c028</run_address>
         <size>0xb4</size>
         <input_file_ref idref="fl-17c"/>
      </object_component>
      <object_component id="oc-185">
         <name>.text</name>
         <load_address>0x2000c0dc</load_address>
         <run_address>0x2000c0dc</run_address>
         <size>0xb4</size>
         <input_file_ref idref="fl-3"/>
      </object_component>
      <object_component id="oc-787">
         <name>.text:_SlDrvNetAppEventHandler</name>
         <load_address>0x2000c190</load_address>
         <run_address>0x2000c190</run_address>
         <size>0xb2</size>
         <input_file_ref idref="fl-17e"/>
      </object_component>
      <object_component id="oc-34e">
         <name>.text:IntDisable</name>
         <load_address>0x2000c244</load_address>
         <run_address>0x2000c244</run_address>
         <size>0xa8</size>
         <input_file_ref idref="fl-174"/>
      </object_component>
      <object_component id="oc-197">
         <name>.text:IntEnable</name>
         <load_address>0x2000c2ec</load_address>
         <run_address>0x2000c2ec</run_address>
         <size>0xa8</size>
         <input_file_ref idref="fl-174"/>
      </object_component>
      <object_component id="oc-515">
         <name>.text:SPIConfigSetExpClk</name>
         <load_address>0x2000c394</load_address>
         <run_address>0x2000c394</run_address>
         <size>0xa0</size>
         <input_file_ref idref="fl-18a"/>
      </object_component>
      <object_component id="oc-55">
         <name>.text</name>
         <load_address>0x2000c434</load_address>
         <run_address>0x2000c434</run_address>
         <size>0x9c</size>
         <input_file_ref idref="fl-14a"/>
      </object_component>
      <object_component id="oc-737">
         <name>.text:_SlFindAndSetActiveObj</name>
         <load_address>0x2000c4d0</load_address>
         <run_address>0x2000c4d0</run_address>
         <size>0x98</size>
         <input_file_ref idref="fl-17c"/>
      </object_component>
      <object_component id="oc-20f">
         <name>.text:PRCMPeripheralClockGet</name>
         <load_address>0x2000c568</load_address>
         <run_address>0x2000c568</run_address>
         <size>0x94</size>
         <input_file_ref idref="fl-176"/>
      </object_component>
      <object_component id="oc-72b">
         <name>.text:_SlDrvClassifyRxMsg</name>
         <load_address>0x2000c5fc</load_address>
         <run_address>0x2000c5fc</run_address>
         <size>0x94</size>
         <input_file_ref idref="fl-17c"/>
      </object_component>
      <object_component id="oc-40">
         <name>.text</name>
         <load_address>0x2000c690</load_address>
         <run_address>0x2000c690</run_address>
         <size>0x94</size>
         <input_file_ref idref="fl-15c"/>
      </object_component>
      <object_component id="oc-288">
         <name>.text</name>
         <load_address>0x2000c724</load_address>
         <run_address>0x2000c724</run_address>
         <size>0x92</size>
         <input_file_ref idref="fl-145"/>
      </object_component>
      <object_component id="oc-55a">
         <name>.text:_SlDrvMsgReadSpawnCtx</name>
         <load_address>0x2000c7b8</load_address>
         <run_address>0x2000c7b8</run_address>
         <size>0x90</size>
         <input_file_ref idref="fl-17c"/>
      </object_component>
      <object_component id="oc-1a9">
         <name>.text:PinConfigSet</name>
         <load_address>0x2000c848</load_address>
         <run_address>0x2000c848</run_address>
         <size>0x88</size>
         <input_file_ref idref="fl-175"/>
      </object_component>
      <object_component id="oc-221">
         <name>.text</name>
         <load_address>0x2000c8d0</load_address>
         <run_address>0x2000c8d0</run_address>
         <size>0x88</size>
         <input_file_ref idref="fl-152"/>
      </object_component>
      <object_component id="oc-461">
         <name>.text:__aeabi_cdcmple</name>
         <load_address>0x2000c958</load_address>
         <run_address>0x2000c958</run_address>
         <size>0x86</size>
         <input_file_ref idref="fl-160"/>
      </object_component>
      <object_component id="oc-5d0">
         <name>.text:__aeabi_cdrcmple</name>
         <load_address>0x2000c9de</load_address>
         <run_address>0x2000c9de</run_address>
         <size>0x86</size>
         <input_file_ref idref="fl-160"/>
      </object_component>
      <object_component id="oc-414">
         <name>.text:I2CMasterInitExpClk</name>
         <load_address>0x2000ca64</load_address>
         <run_address>0x2000ca64</run_address>
         <size>0x84</size>
         <input_file_ref idref="fl-173"/>
      </object_component>
      <object_component id="oc-2c9">
         <name>.text:_SlDrvCmdOp</name>
         <load_address>0x2000cae8</load_address>
         <run_address>0x2000cae8</run_address>
         <size>0x84</size>
         <input_file_ref idref="fl-17c"/>
      </object_component>
      <object_component id="oc-29c">
         <name>.text:GPIOIntTypeSet</name>
         <load_address>0x2000cb6c</load_address>
         <run_address>0x2000cb6c</run_address>
         <size>0x82</size>
         <input_file_ref idref="fl-172"/>
      </object_component>
      <object_component id="oc-311">
         <name>.text:NwpPowerOnPreamble</name>
         <load_address>0x2000cbf0</load_address>
         <run_address>0x2000cbf0</run_address>
         <size>0x80</size>
         <input_file_ref idref="fl-181"/>
      </object_component>
      <object_component id="oc-317">
         <name>.text:_SlDrvDriverCBInit</name>
         <load_address>0x2000cc70</load_address>
         <run_address>0x2000cc70</run_address>
         <size>0x7c</size>
         <input_file_ref idref="fl-17c"/>
      </object_component>
      <object_component id="oc-70a">
         <name>.text:_sl_HandleAsync_DnsGetHostByName</name>
         <load_address>0x2000ccec</load_address>
         <run_address>0x2000ccec</run_address>
         <size>0x7c</size>
         <input_file_ref idref="fl-17e"/>
      </object_component>
      <object_component id="oc-283">
         <name>.text</name>
         <load_address>0x2000cd68</load_address>
         <run_address>0x2000cd68</run_address>
         <size>0x7a</size>
         <input_file_ref idref="fl-146"/>
      </object_component>
      <object_component id="oc-794">
         <name>.text:SetupDMAReceive</name>
         <load_address>0x2000cde4</load_address>
         <run_address>0x2000cde4</run_address>
         <size>0x78</size>
         <input_file_ref idref="fl-181"/>
      </object_component>
      <object_component id="oc-ee">
         <name>.text</name>
         <load_address>0x2000ce5c</load_address>
         <run_address>0x2000ce5c</run_address>
         <size>0x78</size>
         <input_file_ref idref="fl-14d"/>
      </object_component>
      <object_component id="oc-215">
         <name>.text:UARTConfigSetExpClk</name>
         <load_address>0x2000ced4</load_address>
         <run_address>0x2000ced4</run_address>
         <size>0x76</size>
         <input_file_ref idref="fl-177"/>
      </object_component>
      <object_component id="oc-7c3">
         <name>.text:_sl_HandleAsync_InitComplete</name>
         <load_address>0x2000cf4c</load_address>
         <run_address>0x2000cf4c</run_address>
         <size>0x74</size>
         <input_file_ref idref="fl-17b"/>
      </object_component>
      <object_component id="oc-1a3">
         <name>.text</name>
         <load_address>0x2000cfc0</load_address>
         <run_address>0x2000cfc0</run_address>
         <size>0x74</size>
         <input_file_ref idref="fl-7"/>
      </object_component>
      <object_component id="oc-179">
         <name>.text:sl_WlanGet</name>
         <load_address>0x2000d034</load_address>
         <run_address>0x2000d034</run_address>
         <size>0x74</size>
         <input_file_ref idref="fl-180"/>
      </object_component>
      <object_component id="oc-2f2">
         <name>.text:spi_Close</name>
         <load_address>0x2000d0a8</load_address>
         <run_address>0x2000d0a8</run_address>
         <size>0x74</size>
         <input_file_ref idref="fl-181"/>
      </object_component>
      <object_component id="oc-716">
         <name>.text:_sl_HandleAsync_PingResponse</name>
         <load_address>0x2000d11c</load_address>
         <run_address>0x2000d11c</run_address>
         <size>0x70</size>
         <input_file_ref idref="fl-17e"/>
      </object_component>
      <object_component id="oc-376">
         <name>.text:sl_WlanSmartConfigStart</name>
         <load_address>0x2000d18c</load_address>
         <run_address>0x2000d18c</run_address>
         <size>0x70</size>
         <input_file_ref idref="fl-180"/>
      </object_component>
      <object_component id="oc-6fe">
         <name>.text:_sl_HandleAsync_Connect</name>
         <load_address>0x2000d1fc</load_address>
         <run_address>0x2000d1fc</run_address>
         <size>0x68</size>
         <input_file_ref idref="fl-17f"/>
      </object_component>
      <object_component id="oc-710">
         <name>.text:_sl_HandleAsync_DnsGetHostByService</name>
         <load_address>0x2000d264</load_address>
         <run_address>0x2000d264</run_address>
         <size>0x68</size>
         <input_file_ref idref="fl-17e"/>
      </object_component>
      <object_component id="oc-6f8">
         <name>.text:_sl_HandleAsync_Accept</name>
         <load_address>0x2000d2cc</load_address>
         <run_address>0x2000d2cc</run_address>
         <size>0x64</size>
         <input_file_ref idref="fl-17f"/>
      </object_component>
      <object_component id="oc-455">
         <name>.text</name>
         <load_address>0x2000d330</load_address>
         <run_address>0x2000d330</run_address>
         <size>0x64</size>
         <input_file_ref idref="fl-154"/>
      </object_component>
      <object_component id="oc-527">
         <name>.text:uDMAChannelAttributeDisable</name>
         <load_address>0x2000d394</load_address>
         <run_address>0x2000d394</run_address>
         <size>0x64</size>
         <input_file_ref idref="fl-18b"/>
      </object_component>
      <object_component id="oc-6df">
         <name>.text:uDMAChannelAttributeEnable</name>
         <load_address>0x2000d3f8</load_address>
         <run_address>0x2000d3f8</run_address>
         <size>0x64</size>
         <input_file_ref idref="fl-18b"/>
      </object_component>
      <object_component id="oc-68">
         <name>.text</name>
         <load_address>0x2000d45c</load_address>
         <run_address>0x2000d45c</run_address>
         <size>0x5e</size>
         <input_file_ref idref="fl-13d"/>
      </object_component>
      <object_component id="oc-5d5">
         <name>.text</name>
         <load_address>0x2000d4ba</load_address>
         <run_address>0x2000d4ba</run_address>
         <size>0x5a</size>
         <input_file_ref idref="fl-166"/>
      </object_component>
      <object_component id="oc-4be">
         <name>.text:IntPendClear</name>
         <load_address>0x2000d514</load_address>
         <run_address>0x2000d514</run_address>
         <size>0x58</size>
         <input_file_ref idref="fl-174"/>
      </object_component>
      <object_component id="oc-3b4">
         <name>.text:PRCMPeripheralReset</name>
         <load_address>0x2000d56c</load_address>
         <run_address>0x2000d56c</run_address>
         <size>0x58</size>
         <input_file_ref idref="fl-176"/>
      </object_component>
      <object_component id="oc-2f8">
         <name>.text:_SlDrvDriverCBDeinit</name>
         <load_address>0x2000d5c4</load_address>
         <run_address>0x2000d5c4</run_address>
         <size>0x58</size>
         <input_file_ref idref="fl-17c"/>
      </object_component>
      <object_component id="oc-704">
         <name>.text:_sl_HandleAsync_Select</name>
         <load_address>0x2000d61c</load_address>
         <run_address>0x2000d61c</run_address>
         <size>0x58</size>
         <input_file_ref idref="fl-17f"/>
      </object_component>
      <object_component id="oc-348">
         <name>.text:IntPrioritySet</name>
         <load_address>0x2000d674</load_address>
         <run_address>0x2000d674</run_address>
         <size>0x54</size>
         <input_file_ref idref="fl-174"/>
      </object_component>
      <object_component id="oc-71c">
         <name>.text:_sl_HandleAsync_Stop</name>
         <load_address>0x2000d6c8</load_address>
         <run_address>0x2000d6c8</run_address>
         <size>0x54</size>
         <input_file_ref idref="fl-17b"/>
      </object_component>
      <object_component id="oc-7bc">
         <name>.text:sl_NetAppSendTokenValue</name>
         <load_address>0x2000d71c</load_address>
         <run_address>0x2000d71c</run_address>
         <size>0x54</size>
         <input_file_ref idref="fl-17e"/>
      </object_component>
      <object_component id="oc-53f">
         <name>.text:SPIIntEnable</name>
         <load_address>0x2000d770</load_address>
         <run_address>0x2000d770</run_address>
         <size>0x4c</size>
         <input_file_ref idref="fl-18a"/>
      </object_component>
      <object_component id="oc-5e7">
         <name>.text</name>
         <load_address>0x2000d7bc</load_address>
         <run_address>0x2000d7bc</run_address>
         <size>0x4c</size>
         <input_file_ref idref="fl-15b"/>
      </object_component>
      <object_component id="oc-521">
         <name>.text:uDMAChannelAssign</name>
         <load_address>0x2000d808</load_address>
         <run_address>0x2000d808</run_address>
         <size>0x4c</size>
         <input_file_ref idref="fl-18b"/>
      </object_component>
      <object_component id="oc-329">
         <name>.text:_sl_GetStartResponseConvert</name>
         <load_address>0x2000d854</load_address>
         <run_address>0x2000d854</run_address>
         <size>0x4a</size>
         <input_file_ref idref="fl-17b"/>
      </object_component>
      <object_component id="oc-27e">
         <name>.text</name>
         <load_address>0x2000d89e</load_address>
         <run_address>0x2000d89e</run_address>
         <size>0x4a</size>
         <input_file_ref idref="fl-143"/>
      </object_component>
      <object_component id="oc-48e">
         <name>.text:GPIOGetIntNumber</name>
         <load_address>0x2000d8e8</load_address>
         <run_address>0x2000d8e8</run_address>
         <size>0x48</size>
         <input_file_ref idref="fl-172"/>
      </object_component>
      <object_component id="oc-66c">
         <name>.text:SPIIntClear</name>
         <load_address>0x2000d930</load_address>
         <run_address>0x2000d930</run_address>
         <size>0x48</size>
         <input_file_ref idref="fl-18a"/>
      </object_component>
      <object_component id="oc-46c">
         <name>.text</name>
         <load_address>0x2000d978</load_address>
         <run_address>0x2000d978</run_address>
         <size>0x48</size>
         <input_file_ref idref="fl-161"/>
      </object_component>
      <object_component id="oc-664">
         <name>.text:SPIDmaMaskGet</name>
         <load_address>0x2000d9c0</load_address>
         <run_address>0x2000d9c0</run_address>
         <size>0x44</size>
         <input_file_ref idref="fl-18a"/>
      </object_component>
      <object_component id="oc-9a">
         <name>.text</name>
         <load_address>0x2000da04</load_address>
         <run_address>0x2000da04</run_address>
         <size>0x44</size>
         <input_file_ref idref="fl-15d"/>
      </object_component>
      <object_component id="oc-4b">
         <name>.text</name>
         <load_address>0x2000da48</load_address>
         <run_address>0x2000da48</run_address>
         <size>0x44</size>
         <input_file_ref idref="fl-13f"/>
      </object_component>
      <object_component id="oc-697">
         <name>.text</name>
         <load_address>0x2000da8c</load_address>
         <run_address>0x2000da8c</run_address>
         <size>0x44</size>
         <input_file_ref idref="fl-16e"/>
      </object_component>
      <object_component id="oc-5a4">
         <name>.text:PinModeSet</name>
         <load_address>0x2000dad0</load_address>
         <run_address>0x2000dad0</run_address>
         <size>0x40</size>
         <input_file_ref idref="fl-175"/>
      </object_component>
      <object_component id="oc-32f">
         <name>.text:_SlDrvRxIrqHandler</name>
         <load_address>0x2000db10</load_address>
         <run_address>0x2000db10</run_address>
         <size>0x40</size>
         <input_file_ref idref="fl-17c"/>
      </object_component>
      <object_component id="oc-4b7">
         <name>.text:_SlRemoveFromList</name>
         <load_address>0x2000db50</load_address>
         <run_address>0x2000db50</run_address>
         <size>0x40</size>
         <input_file_ref idref="fl-17c"/>
      </object_component>
      <object_component id="oc-756">
         <name>.text</name>
         <load_address>0x2000db90</load_address>
         <run_address>0x2000db90</run_address>
         <size>0x40</size>
         <input_file_ref idref="fl-169"/>
      </object_component>
      <object_component id="oc-370">
         <name>.text:sl_WlanPolicySet</name>
         <load_address>0x2000dbd0</load_address>
         <run_address>0x2000dbd0</run_address>
         <size>0x40</size>
         <input_file_ref idref="fl-180"/>
      </object_component>
      <object_component id="oc-2ec">
         <name>.text:NwpPowerOff</name>
         <load_address>0x2000dc10</load_address>
         <run_address>0x2000dc10</run_address>
         <size>0x3c</size>
         <input_file_ref idref="fl-181"/>
      </object_component>
      <object_component id="oc-3ae">
         <name>.text:PRCMPeripheralClkEnable</name>
         <load_address>0x2000dc4c</load_address>
         <run_address>0x2000dc4c</run_address>
         <size>0x3c</size>
         <input_file_ref idref="fl-176"/>
      </object_component>
      <object_component id="oc-508">
         <name>.text:_SlDrvObjInit</name>
         <load_address>0x2000dc88</load_address>
         <run_address>0x2000dc88</run_address>
         <size>0x3c</size>
         <input_file_ref idref="fl-17c"/>
      </object_component>
      <object_component id="oc-6d9">
         <name>.text:uDMAChannelControlSet</name>
         <load_address>0x2000dcc4</load_address>
         <run_address>0x2000dcc4</run_address>
         <size>0x3c</size>
         <input_file_ref idref="fl-18b"/>
      </object_component>
      <object_component id="oc-e8">
         <name>.text</name>
         <load_address>0x2000dd00</load_address>
         <run_address>0x2000dd00</run_address>
         <size>0x38</size>
         <input_file_ref idref="fl-187"/>
      </object_component>
      <object_component id="oc-6be">
         <name>.text</name>
         <load_address>0x2000dd38</load_address>
         <run_address>0x2000dd38</run_address>
         <size>0x38</size>
         <input_file_ref idref="fl-170"/>
      </object_component>
      <object_component id="oc-294">
         <name>.text</name>
         <load_address>0x2000dd70</load_address>
         <run_address>0x2000dd70</run_address>
         <size>0x38</size>
         <input_file_ref idref="fl-163"/>
      </object_component>
      <object_component id="oc-3d3">
         <name>.text:GPIODirModeSet</name>
         <load_address>0x2000dda8</load_address>
         <run_address>0x2000dda8</run_address>
         <size>0x36</size>
         <input_file_ref idref="fl-172"/>
      </object_component>
      <object_component id="oc-51b">
         <name>.text:PRCMPeripheralStatusGet</name>
         <load_address>0x2000dde0</load_address>
         <run_address>0x2000dde0</run_address>
         <size>0x34</size>
         <input_file_ref idref="fl-176"/>
      </object_component>
      <object_component id="oc-539">
         <name>.text:SPIFIFOLevelSet</name>
         <load_address>0x2000de14</load_address>
         <run_address>0x2000de14</run_address>
         <size>0x34</size>
         <input_file_ref idref="fl-18a"/>
      </object_component>
      <object_component id="oc-582">
         <name>.text:_SlDrvBasicCmd</name>
         <load_address>0x2000de48</load_address>
         <run_address>0x2000de48</run_address>
         <size>0x34</size>
         <input_file_ref idref="fl-17c"/>
      </object_component>
      <object_component id="oc-11">
         <name>.text</name>
         <load_address>0x2000de7c</load_address>
         <run_address>0x2000de7c</run_address>
         <size>0x34</size>
         <input_file_ref idref="fl-13b"/>
      </object_component>
      <object_component id="oc-60a">
         <name>.text</name>
         <load_address>0x2000deb0</load_address>
         <run_address>0x2000deb0</run_address>
         <size>0x34</size>
         <input_file_ref idref="fl-162"/>
      </object_component>
      <object_component id="oc-143">
         <name>.text</name>
         <load_address>0x2000dee4</load_address>
         <run_address>0x2000dee4</run_address>
         <size>0x34</size>
         <input_file_ref idref="fl-147"/>
      </object_component>
      <object_component id="oc-323">
         <name>.text:NwpPowerOn</name>
         <load_address>0x2000df18</load_address>
         <run_address>0x2000df18</run_address>
         <size>0x30</size>
         <input_file_ref idref="fl-181"/>
      </object_component>
      <object_component id="oc-3cd">
         <name>.text:PinTypeGPIO</name>
         <load_address>0x2000df48</load_address>
         <run_address>0x2000df48</run_address>
         <size>0x30</size>
         <input_file_ref idref="fl-175"/>
      </object_component>
      <object_component id="oc-42a">
         <name>.text:UARTDisable</name>
         <load_address>0x2000df78</load_address>
         <run_address>0x2000df78</run_address>
         <size>0x30</size>
         <input_file_ref idref="fl-177"/>
      </object_component>
      <object_component id="oc-466">
         <name>.text</name>
         <load_address>0x2000dfa8</load_address>
         <run_address>0x2000dfa8</run_address>
         <size>0x30</size>
         <input_file_ref idref="fl-156"/>
      </object_component>
      <object_component id="oc-279">
         <name>.text</name>
         <load_address>0x2000dfd8</load_address>
         <run_address>0x2000dfd8</run_address>
         <size>0x2e</size>
         <input_file_ref idref="fl-148"/>
      </object_component>
      <object_component id="oc-6b2">
         <name>.text</name>
         <load_address>0x2000e006</load_address>
         <run_address>0x2000e006</run_address>
         <size>0x2e</size>
         <input_file_ref idref="fl-168"/>
      </object_component>
      <object_component id="oc-54b">
         <name>.text:DmaSpiSwIntHandler</name>
         <load_address>0x2000e034</load_address>
         <run_address>0x2000e034</run_address>
         <size>0x2c</size>
         <input_file_ref idref="fl-181"/>
      </object_component>
      <object_component id="oc-3fc">
         <name>.text:I2CMasterErr</name>
         <load_address>0x2000e060</load_address>
         <run_address>0x2000e060</run_address>
         <size>0x2c</size>
         <input_file_ref idref="fl-173"/>
      </object_component>
      <object_component id="oc-3c0">
         <name>.text:PRCMSysResetCauseGet</name>
         <load_address>0x2000e08c</load_address>
         <run_address>0x2000e08c</run_address>
         <size>0x2c</size>
         <input_file_ref idref="fl-176"/>
      </object_component>
      <object_component id="oc-4ef">
         <name>.text:_SlDrvFlowContDeinit</name>
         <load_address>0x2000e0b8</load_address>
         <run_address>0x2000e0b8</run_address>
         <size>0x2c</size>
         <input_file_ref idref="fl-17d"/>
      </object_component>
      <object_component id="oc-50e">
         <name>.text:_SlDrvFlowContInit</name>
         <load_address>0x2000e0e4</load_address>
         <run_address>0x2000e0e4</run_address>
         <size>0x2c</size>
         <input_file_ref idref="fl-17d"/>
      </object_component>
      <object_component id="oc-3ba">
         <name>.text:PRCMPeripheralClkDisable</name>
         <load_address>0x2000e110</load_address>
         <run_address>0x2000e110</run_address>
         <size>0x28</size>
         <input_file_ref idref="fl-176"/>
      </object_component>
      <object_component id="oc-154">
         <name>.text:sl_WlanSetMode</name>
         <load_address>0x2000e138</load_address>
         <run_address>0x2000e138</run_address>
         <size>0x28</size>
         <input_file_ref idref="fl-180"/>
      </object_component>
      <object_component id="oc-354">
         <name>.text:IntUnregister</name>
         <load_address>0x2000e160</load_address>
         <run_address>0x2000e160</run_address>
         <size>0x24</size>
         <input_file_ref idref="fl-174"/>
      </object_component>
      <object_component id="oc-430">
         <name>.text:UARTEnable</name>
         <load_address>0x2000e184</load_address>
         <run_address>0x2000e184</run_address>
         <size>0x24</size>
         <input_file_ref idref="fl-177"/>
      </object_component>
      <object_component id="oc-22d">
         <name>.text</name>
         <load_address>0x2000e1a8</load_address>
         <run_address>0x2000e1a8</run_address>
         <size>0x24</size>
         <input_file_ref idref="fl-14b"/>
      </object_component>
      <object_component id="oc-16d">
         <name>.text:sl_NetAppStart</name>
         <load_address>0x2000e1cc</load_address>
         <run_address>0x2000e1cc</run_address>
         <size>0x24</size>
         <input_file_ref idref="fl-17e"/>
      </object_component>
      <object_component id="oc-167">
         <name>.text:sl_NetAppStop</name>
         <load_address>0x2000e1f0</load_address>
         <run_address>0x2000e1f0</run_address>
         <size>0x24</size>
         <input_file_ref idref="fl-17e"/>
      </object_component>
      <object_component id="oc-36a">
         <name>.text:sl_WlanProfileDel</name>
         <load_address>0x2000e214</load_address>
         <run_address>0x2000e214</run_address>
         <size>0x24</size>
         <input_file_ref idref="fl-180"/>
      </object_component>
      <object_component id="oc-402">
         <name>.text:I2CMasterSlaveAddrSet</name>
         <load_address>0x2000e238</load_address>
         <run_address>0x2000e238</run_address>
         <size>0x22</size>
         <input_file_ref idref="fl-173"/>
      </object_component>
      <object_component id="oc-2e6">
         <name>.text:NwpRegisterInterruptHandler</name>
         <load_address>0x2000e25a</load_address>
         <run_address>0x2000e25a</run_address>
         <size>0x22</size>
         <input_file_ref idref="fl-181"/>
      </object_component>
      <object_component id="oc-4e5">
         <name>.text:SPIReset</name>
         <load_address>0x2000e27c</load_address>
         <run_address>0x2000e27c</run_address>
         <size>0x22</size>
         <input_file_ref idref="fl-18a"/>
      </object_component>
      <object_component id="oc-6f1">
         <name>.text:SPIWordCountSet</name>
         <load_address>0x2000e29e</load_address>
         <run_address>0x2000e29e</run_address>
         <size>0x22</size>
         <input_file_ref idref="fl-18a"/>
      </object_component>
      <object_component id="oc-137">
         <name>.text</name>
         <load_address>0x2000e2c0</load_address>
         <run_address>0x2000e2c0</run_address>
         <size>0x22</size>
         <input_file_ref idref="fl-149"/>
      </object_component>
      <object_component id="oc-2b4">
         <name>.text:GPIOPinWrite</name>
         <load_address>0x2000e2e2</load_address>
         <run_address>0x2000e2e2</run_address>
         <size>0x20</size>
         <input_file_ref idref="fl-172"/>
      </object_component>
      <object_component id="oc-342">
         <name>.text:IntRegister</name>
         <load_address>0x2000e304</load_address>
         <run_address>0x2000e304</run_address>
         <size>0x20</size>
         <input_file_ref idref="fl-174"/>
      </object_component>
      <object_component id="oc-7d1">
         <name>.text:_SlDrvCmdSend</name>
         <load_address>0x2000e324</load_address>
         <run_address>0x2000e324</run_address>
         <size>0x20</size>
         <input_file_ref idref="fl-17c"/>
      </object_component>
      <object_component id="oc-2a2">
         <name>.text:GPIOIntRegister</name>
         <load_address>0x2000e344</load_address>
         <run_address>0x2000e344</run_address>
         <size>0x1e</size>
         <input_file_ref idref="fl-172"/>
      </object_component>
      <object_component id="oc-3e4">
         <name>.text:I2CMasterIntStatusEx</name>
         <load_address>0x2000e362</load_address>
         <run_address>0x2000e362</run_address>
         <size>0x1e</size>
         <input_file_ref idref="fl-173"/>
      </object_component>
      <object_component id="oc-21b">
         <name>.text:UARTCharPut</name>
         <load_address>0x2000e380</load_address>
         <run_address>0x2000e380</run_address>
         <size>0x1e</size>
         <input_file_ref idref="fl-177"/>
      </object_component>
      <object_component id="oc-3d9">
         <name>.text:PinTypeI2C</name>
         <load_address>0x2000e39e</load_address>
         <run_address>0x2000e39e</run_address>
         <size>0x1c</size>
         <input_file_ref idref="fl-175"/>
      </object_component>
      <object_component id="oc-4f5">
         <name>.text:_SlDrvObjDeInit</name>
         <load_address>0x2000e3bc</load_address>
         <run_address>0x2000e3bc</run_address>
         <size>0x1c</size>
         <input_file_ref idref="fl-17c"/>
      </object_component>
      <object_component id="oc-5e1">
         <name>.text</name>
         <load_address>0x2000e3d8</load_address>
         <run_address>0x2000e3d8</run_address>
         <size>0x1c</size>
         <input_file_ref idref="fl-167"/>
      </object_component>
      <object_component id="oc-6eb">
         <name>.text:uDMAChannelEnable</name>
         <load_address>0x2000e3f4</load_address>
         <run_address>0x2000e3f4</run_address>
         <size>0x1c</size>
         <input_file_ref idref="fl-18b"/>
      </object_component>
      <object_component id="oc-58c">
         <name>.text:CopyPingResultsToReport</name>
         <load_address>0x2000e410</load_address>
         <run_address>0x2000e410</run_address>
         <size>0x1a</size>
         <input_file_ref idref="fl-17e"/>
      </object_component>
      <object_component id="oc-2ae">
         <name>.text:GPIOIntEnable</name>
         <load_address>0x2000e42a</load_address>
         <run_address>0x2000e42a</run_address>
         <size>0x1a</size>
         <input_file_ref idref="fl-172"/>
      </object_component>
      <object_component id="oc-3c7">
         <name>.text:PinTypeUART</name>
         <load_address>0x2000e444</load_address>
         <run_address>0x2000e444</run_address>
         <size>0x1a</size>
         <input_file_ref idref="fl-175"/>
      </object_component>
      <object_component id="oc-4d3">
         <name>.text:SPIDmaDisable</name>
         <load_address>0x2000e45e</load_address>
         <run_address>0x2000e45e</run_address>
         <size>0x1a</size>
         <input_file_ref idref="fl-18a"/>
      </object_component>
      <object_component id="oc-533">
         <name>.text:SPIDmaEnable</name>
         <load_address>0x2000e478</load_address>
         <run_address>0x2000e478</run_address>
         <size>0x1a</size>
         <input_file_ref idref="fl-18a"/>
      </object_component>
      <object_component id="oc-4cd">
         <name>.text:SPIFIFODisable</name>
         <load_address>0x2000e492</load_address>
         <run_address>0x2000e492</run_address>
         <size>0x1a</size>
         <input_file_ref idref="fl-18a"/>
      </object_component>
      <object_component id="oc-52d">
         <name>.text:SPIFIFOEnable</name>
         <load_address>0x2000e4ac</load_address>
         <run_address>0x2000e4ac</run_address>
         <size>0x1a</size>
         <input_file_ref idref="fl-18a"/>
      </object_component>
      <object_component id="oc-78d">
         <name>.text:_SlDrvDeviceEventHandler</name>
         <load_address>0x2000e4c6</load_address>
         <run_address>0x2000e4c6</run_address>
         <size>0x1a</size>
         <input_file_ref idref="fl-17b"/>
      </object_component>
      <object_component id="oc-2ba">
         <name>.text:GPIOPinRead</name>
         <load_address>0x2000e4e0</load_address>
         <run_address>0x2000e4e0</run_address>
         <size>0x18</size>
         <input_file_ref idref="fl-172"/>
      </object_component>
      <object_component id="oc-4d9">
         <name>.text:SPICSDisable</name>
         <load_address>0x2000e4f8</load_address>
         <run_address>0x2000e4f8</run_address>
         <size>0x18</size>
         <input_file_ref idref="fl-18a"/>
      </object_component>
      <object_component id="oc-6d3">
         <name>.text:SPICSEnable</name>
         <load_address>0x2000e510</load_address>
         <run_address>0x2000e510</run_address>
         <size>0x18</size>
         <input_file_ref idref="fl-18a"/>
      </object_component>
      <object_component id="oc-4df">
         <name>.text:SPIDisable</name>
         <load_address>0x2000e528</load_address>
         <run_address>0x2000e528</run_address>
         <size>0x18</size>
         <input_file_ref idref="fl-18a"/>
      </object_component>
      <object_component id="oc-545">
         <name>.text:SPIEnable</name>
         <load_address>0x2000e540</load_address>
         <run_address>0x2000e540</run_address>
         <size>0x18</size>
         <input_file_ref idref="fl-18a"/>
      </object_component>
      <object_component id="oc-45">
         <name>.text</name>
         <load_address>0x2000e558</load_address>
         <run_address>0x2000e558</run_address>
         <size>0x18</size>
         <input_file_ref idref="fl-15a"/>
      </object_component>
      <object_component id="oc-5cb">
         <name>.text</name>
         <load_address>0x2000e570</load_address>
         <run_address>0x2000e570</run_address>
         <size>0x18</size>
         <input_file_ref idref="fl-164"/>
      </object_component>
      <object_component id="oc-408">
         <name>.text:I2CMasterDataPut</name>
         <load_address>0x2000e588</load_address>
         <run_address>0x2000e588</run_address>
         <size>0x16</size>
         <input_file_ref idref="fl-173"/>
      </object_component>
      <object_component id="oc-5b9">
         <name>.text:I2CMasterEnable</name>
         <load_address>0x2000e59e</load_address>
         <run_address>0x2000e59e</run_address>
         <size>0x16</size>
         <input_file_ref idref="fl-173"/>
      </object_component>
      <object_component id="oc-3a2">
         <name>.text:PRCMHIBRegRead</name>
         <load_address>0x2000e5b4</load_address>
         <run_address>0x2000e5b4</run_address>
         <size>0x16</size>
         <input_file_ref idref="fl-176"/>
      </object_component>
      <object_component id="oc-3a8">
         <name>.text:PRCMHIBRegWrite</name>
         <load_address>0x2000e5ca</load_address>
         <run_address>0x2000e5ca</run_address>
         <size>0x16</size>
         <input_file_ref idref="fl-176"/>
      </object_component>
      <object_component id="oc-227">
         <name>.text:UARTCharGet</name>
         <load_address>0x2000e5e0</load_address>
         <run_address>0x2000e5e0</run_address>
         <size>0x16</size>
         <input_file_ref idref="fl-177"/>
      </object_component>
      <object_component id="oc-397">
         <name>.text:CPUcpsie</name>
         <load_address>0x2000e5f6</load_address>
         <run_address>0x2000e5f6</run_address>
         <size>0x14</size>
         <input_file_ref idref="fl-179"/>
      </object_component>
      <object_component id="oc-2a8">
         <name>.text:GPIOIntClear</name>
         <load_address>0x2000e60a</load_address>
         <run_address>0x2000e60a</run_address>
         <size>0x14</size>
         <input_file_ref idref="fl-172"/>
      </object_component>
      <object_component id="oc-18b">
         <name>.text:IntVTableBaseSet</name>
         <load_address>0x2000e620</load_address>
         <run_address>0x2000e620</run_address>
         <size>0x14</size>
         <input_file_ref idref="fl-174"/>
      </object_component>
      <object_component id="oc-780">
         <name>.text:_SlDrvShiftDWord</name>
         <load_address>0x2000e634</load_address>
         <run_address>0x2000e634</run_address>
         <size>0x14</size>
         <input_file_ref idref="fl-17c"/>
      </object_component>
      <object_component id="oc-1bd">
         <name>.text</name>
         <load_address>0x2000e648</load_address>
         <run_address>0x2000e648</run_address>
         <size>0x14</size>
         <input_file_ref idref="fl-158"/>
      </object_component>
      <object_component id="oc-131">
         <name>.text</name>
         <load_address>0x2000e65c</load_address>
         <run_address>0x2000e65c</run_address>
         <size>0x14</size>
         <input_file_ref idref="fl-151"/>
      </object_component>
      <object_component id="oc-3f6">
         <name>.text:I2CMasterControl</name>
         <load_address>0x2000e670</load_address>
         <run_address>0x2000e670</run_address>
         <size>0x12</size>
         <input_file_ref idref="fl-173"/>
      </object_component>
      <object_component id="oc-3ea">
         <name>.text:I2CMasterIntClearEx</name>
         <load_address>0x2000e682</load_address>
         <run_address>0x2000e682</run_address>
         <size>0x12</size>
         <input_file_ref idref="fl-173"/>
      </object_component>
      <object_component id="oc-3f0">
         <name>.text:I2CMasterTimeoutSet</name>
         <load_address>0x2000e694</load_address>
         <run_address>0x2000e694</run_address>
         <size>0x12</size>
         <input_file_ref idref="fl-173"/>
      </object_component>
      <object_component id="oc-1c">
         <name>.text:decompress:ZI</name>
         <load_address>0x2000e6a6</load_address>
         <run_address>0x2000e6a6</run_address>
         <size>0x12</size>
         <input_file_ref idref="fl-13e"/>
      </object_component>
      <object_component id="oc-554">
         <name>.text:NwpMaskInterrupt</name>
         <load_address>0x2000e6b8</load_address>
         <run_address>0x2000e6b8</run_address>
         <size>0x10</size>
         <input_file_ref idref="fl-181"/>
      </object_component>
      <object_component id="oc-148">
         <name>.text</name>
         <load_address>0x2000e6c8</load_address>
         <run_address>0x2000e6c8</run_address>
         <size>0x10</size>
         <input_file_ref idref="fl-150"/>
      </object_component>
      <object_component id="oc-40e">
         <name>.text:I2CMasterDataGet</name>
         <load_address>0x2000e6d8</load_address>
         <run_address>0x2000e6d8</run_address>
         <size>0xe</size>
         <input_file_ref idref="fl-173"/>
      </object_component>
      <object_component id="oc-16">
         <name>.text:decompress:none</name>
         <load_address>0x2000e6e6</load_address>
         <run_address>0x2000e6e6</run_address>
         <size>0xe</size>
         <input_file_ref idref="fl-13c"/>
      </object_component>
      <object_component id="oc-5db">
         <name>.text</name>
         <load_address>0x2000e6f4</load_address>
         <run_address>0x2000e6f4</run_address>
         <size>0xe</size>
         <input_file_ref idref="fl-16b"/>
      </object_component>
      <object_component id="oc-2c">
         <name>.text</name>
         <load_address>0x2000e702</load_address>
         <run_address>0x2000e702</run_address>
         <size>0xe</size>
         <input_file_ref idref="fl-9"/>
      </object_component>
      <object_component id="oc-73d">
         <name>.text:NwpUnMaskInterrupt</name>
         <load_address>0x2000e710</load_address>
         <run_address>0x2000e710</run_address>
         <size>0xc</size>
         <input_file_ref idref="fl-181"/>
      </object_component>
      <object_component id="oc-191">
         <name>.text:IntMasterEnable</name>
         <load_address>0x2000e71c</load_address>
         <run_address>0x2000e71c</run_address>
         <size>0xa</size>
         <input_file_ref idref="fl-174"/>
      </object_component>
      <object_component id="oc-37c">
         <name>.text:sl_WlanSmartConfigStop</name>
         <load_address>0x2000e726</load_address>
         <run_address>0x2000e726</run_address>
         <size>0x8</size>
         <input_file_ref idref="fl-180"/>
      </object_component>
      <object_component id="oc-119">
         <name>.text:UtilsDelay</name>
         <load_address>0x2000e72e</load_address>
         <run_address>0x2000e72e</run_address>
         <size>0x6</size>
         <input_file_ref idref="fl-178"/>
      </object_component>
      <object_component id="oc-22">
         <name>.text:decompress:rle24</name>
         <load_address>0x2000e734</load_address>
         <run_address>0x2000e734</run_address>
         <size>0x6</size>
         <input_file_ref idref="fl-13d"/>
      </object_component>
      <object_component id="oc-471">
         <name>.text</name>
         <load_address>0x2000e73a</load_address>
         <run_address>0x2000e73a</run_address>
         <size>0x6</size>
         <input_file_ref idref="fl-165"/>
      </object_component>
      <object_component id="oc-6a0">
         <name>.const:.string:_ctypes_</name>
         <load_address>0x2000e740</load_address>
         <run_address>0x2000e740</run_address>
         <size>0x102</size>
         <input_file_ref idref="fl-15e"/>
      </object_component>
      <object_component id="oc-3e0">
         <name>.const:g_ulPinToPadMap</name>
         <load_address>0x2000e844</load_address>
         <run_address>0x2000e844</run_address>
         <size>0x100</size>
         <input_file_ref idref="fl-175"/>
      </object_component>
      <object_component id="oc-2cf">
         <name>.const</name>
         <load_address>0x2000e944</load_address>
         <run_address>0x2000e944</run_address>
         <size>0xec</size>
         <input_file_ref idref="fl-180"/>
      </object_component>
      <object_component id="oc-567">
         <name>.const:g_pulRegs</name>
         <load_address>0x2000ea30</load_address>
         <run_address>0x2000ea30</run_address>
         <size>0xd4</size>
         <input_file_ref idref="fl-174"/>
      </object_component>
      <object_component id="oc-59c">
         <name>.const:PRCM_PeriphRegsList</name>
         <load_address>0x2000eb04</load_address>
         <run_address>0x2000eb04</run_address>
         <size>0xa8</size>
         <input_file_ref idref="fl-176"/>
      </object_component>
      <object_component id="oc-39e">
         <name>.const</name>
         <load_address>0x2000ebac</load_address>
         <run_address>0x2000ebac</run_address>
         <size>0x80</size>
         <input_file_ref idref="fl-174"/>
      </object_component>
      <object_component id="oc-63b">
         <name>.const</name>
         <load_address>0x2000ec2c</load_address>
         <run_address>0x2000ec2c</run_address>
         <size>0x4c</size>
         <input_file_ref idref="fl-17c"/>
      </object_component>
      <object_component id="oc-623">
         <name>.const</name>
         <load_address>0x2000ec78</load_address>
         <run_address>0x2000ec78</run_address>
         <size>0x48</size>
         <input_file_ref idref="fl-155"/>
      </object_component>
      <object_component id="oc-6c6">
         <name>.const:p</name>
         <load_address>0x2000ecc0</load_address>
         <run_address>0x2000ecc0</run_address>
         <size>0x38</size>
         <input_file_ref idref="fl-16f"/>
      </object_component>
      <object_component id="oc-11a">
         <name>.const:.string</name>
         <load_address>0x2000ecf8</load_address>
         <run_address>0x2000ecf8</run_address>
         <size>0x37</size>
         <input_file_ref idref="fl-6"/>
      </object_component>
      <object_component id="oc-605">
         <name>.const</name>
         <load_address>0x2000ed30</load_address>
         <run_address>0x2000ed30</run_address>
         <size>0x30</size>
         <input_file_ref idref="fl-153"/>
      </object_component>
      <object_component id="oc-336">
         <name>.const</name>
         <load_address>0x2000ed60</load_address>
         <run_address>0x2000ed60</run_address>
         <size>0x28</size>
         <input_file_ref idref="fl-17e"/>
      </object_component>
      <object_component id="oc-382">
         <name>.const:.string</name>
         <load_address>0x2000ed88</load_address>
         <run_address>0x2000ed88</run_address>
         <size>0x23</size>
         <input_file_ref idref="fl-8"/>
      </object_component>
      <object_component id="oc-744">
         <name>.const</name>
         <load_address>0x2000edac</load_address>
         <run_address>0x2000edac</run_address>
         <size>0x18</size>
         <input_file_ref idref="fl-18a"/>
      </object_component>
      <object_component id="oc-301">
         <name>.const</name>
         <load_address>0x2000edc4</load_address>
         <run_address>0x2000edc4</run_address>
         <size>0x14</size>
         <input_file_ref idref="fl-17b"/>
      </object_component>
      <object_component id="oc-7f8">
         <name>.cinit..data.load</name>
         <load_address>0x2000edd8</load_address>
         <run_address>0x2000edd8</run_address>
         <size>0xcd</size>
      </object_component>
      <object_component id="oc-7f6">
         <name>__TI_handler_table</name>
         <load_address>0x2000eea8</load_address>
         <run_address>0x2000eea8</run_address>
         <size>0xc</size>
      </object_component>
      <object_component id="oc-7f9">
         <name>.cinit..bss.load</name>
         <load_address>0x2000eeb8</load_address>
         <run_address>0x2000eeb8</run_address>
         <size>0x8</size>
      </object_component>
      <object_component id="oc-7f7">
[...]
         <name>osi_SyncObjDelete</name>
         <value>0x200083e5</value>
         <object_component_ref idref="oc-173"/>
      </symbol>
      <symbol id="sm-10cb">
         <name>osi_TaskDisable</name>
         <value>0x200087a9</value>
         <object_component_ref idref="oc-173"/>
      </symbol>
      <symbol id="sm-10cc">
         <name>osi_Spawn</name>
         <value>0x20008587</value>
         <object_component_ref idref="oc-173"/>
      </symbol>
      <symbol id="sm-10cd">
         <name>mem_Free</name>
         <value>0x20008749</value>
         <object_component_ref idref="oc-173"/>
      </symbol>
      <symbol id="sm-10ce">
         <name>osi_ContextSave</name>
         <value>0x200087bd</value>
         <object_component_ref idref="oc-173"/>
      </symbol>
      <symbol id="sm-10cf">
         <name>xSimpleLinkSpawnQueue</name>
         <value>0x2001941c</value>
         <object_component_ref idref="oc-360"/>
      </symbol>
      <symbol id="sm-10d0">
         <name>xSimpleLinkSpawnTaskHndl</name>
         <value>0x20019420</value>
         <object_component_ref idref="oc-360"/>
      </symbol>
      <symbol id="sm-10f8">
         <name>vPortSetupTimerInterrupt</name>
         <value>0x2000b2b1</value>
         <object_component_ref idref="oc-37"/>
      </symbol>
      <symbol id="sm-10f9">
         <name>vPortEndScheduler</name>
         <value>0x2000b251</value>
         <object_component_ref idref="oc-37"/>
      </symbol>
      <symbol id="sm-10fa">
         <name>vPortYield</name>
         <value>0x2000b253</value>
         <object_component_ref idref="oc-37"/>
      </symbol>
      <symbol id="sm-10fb">
         <name>xPortSysTickHandler</name>
         <value>0x2000b295</value>
         <object_component_ref idref="oc-37"/>
      </symbol>
      <symbol id="sm-10fc">
         <name>pxPortInitialiseStack</name>
         <value>0x2000b1d5</value>
         <object_component_ref idref="oc-37"/>
      </symbol>
      <symbol id="sm-10fd">
         <name>vPortExitCritical</name>
         <value>0x2000b27d</value>
         <object_component_ref idref="oc-37"/>
      </symbol>
      <symbol id="sm-10fe">
         <name>xPortStartScheduler</name>
         <value>0x2000b225</value>
         <object_component_ref idref="oc-37"/>
      </symbol>
      <symbol id="sm-10ff">
         <name>vPortEnterCritical</name>
         <value>0x2000b265</value>
         <object_component_ref idref="oc-37"/>
      </symbol>
      <symbol id="sm-1110">
         <name>portCLZ</name>
         <value>0x2000c021</value>
         <object_component_ref idref="oc-32"/>
      </symbol>
      <symbol id="sm-1111">
         <name>xPortPendSVHandler</name>
         <value>0x2000bf95</value>
         <object_component_ref idref="oc-32"/>
      </symbol>
      <symbol id="sm-1112">
         <name>vPortClearInterruptMask</name>
         <value>0x2000bf87</value>
         <object_component_ref idref="oc-32"/>
      </symbol>
      <symbol id="sm-1113">
         <name>ulPortSetInterruptMask</name>
         <value>0x2000bf71</value>
         <object_component_ref idref="oc-32"/>
      </symbol>
      <symbol id="sm-1114">
         <name>prvPortStartFirstTask</name>
         <value>0x2000c009</value>
         <object_component_ref idref="oc-32"/>
      </symbol>
      <symbol id="sm-1115">
         <name>vPortSVCHandler</name>
         <value>0x2000bfe1</value>
         <object_component_ref idref="oc-32"/>
      </symbol>
      <symbol id="sm-11c4">
         <name>xQueuePeekFromISR</name>
         <value>0x20007a79</value>
         <object_component_ref idref="oc-35a"/>
      </symbol>
      <symbol id="sm-11c5">
         <name>xQueueIsQueueEmptyFromISR</name>
         <value>0x20007cff</value>
         <object_component_ref idref="oc-35a"/>
      </symbol>
      <symbol id="sm-11c6">
         <name>xQueueGenericSendFromISR</name>
         <value>0x20007823</value>
         <object_component_ref idref="oc-35a"/>
      </symbol>
      <symbol id="sm-11c7">
         <name>uxQueueMessagesWaiting</name>
         <value>0x20007abd</value>
         <object_component_ref idref="oc-35a"/>
      </symbol>
      <symbol id="sm-11c8">
         <name>vQueueAddToRegistry</name>
         <value>0x20007d63</value>
         <object_component_ref idref="oc-35a"/>
      </symbol>
      <symbol id="sm-11c9">
         <name>xQueueIsQueueFullFromISR</name>
         <value>0x20007d41</value>
         <object_component_ref idref="oc-35a"/>
      </symbol>
      <symbol id="sm-11ca">
         <name>xQueueSelectFromSet</name>
         <value>0x20007e69</value>
         <object_component_ref idref="oc-35a"/>
      </symbol>
      <symbol id="sm-11cb">
         <name>xQueueGenericCreate</name>
         <value>0x20007459</value>
         <object_component_ref idref="oc-35a"/>
      </symbol>
      <symbol id="sm-11cc">
         <name>xQueueSelectFromSetFromISR</name>
         <value>0x20007e83</value>
         <object_component_ref idref="oc-35a"/>
      </symbol>
      <symbol id="sm-11cd">
         <name>xQueueCreateMutex</name>
         <value>0x200074cf</value>
         <object_component_ref idref="oc-35a"/>
      </symbol>
      <symbol id="sm-11ce">
         <name>vQueueSetQueueNumber</name>
         <value>0x20007b37</value>
         <object_component_ref idref="oc-35a"/>
      </symbol>
      <symbol id="sm-11cf">
         <name>xQueueGenericSend</name>
         <value>0x2000756d</value>
         <object_component_ref idref="oc-35a"/>
      </symbol>
      <symbol id="sm-11d0">
         <name>xQueueGenericReset</name>
         <value>0x200073c9</value>
         <object_component_ref idref="oc-35a"/>
      </symbol>
      <symbol id="sm-11d1">
         <name>xQueueReceiveFromISR</name>
         <value>0x20007a01</value>
         <object_component_ref idref="oc-35a"/>
      </symbol>
      <symbol id="sm-11d2">
         <name>uxQueueSpacesAvailable</name>
         <value>0x20007ad3</value>
         <object_component_ref idref="oc-35a"/>
      </symbol>
      <symbol id="sm-11d3">
         <name>xQueueRegistry</name>
         <value>0x20019520</value>
         <object_component_ref idref="oc-573"/>
      </symbol>
      <symbol id="sm-11d4">
         <name>vQueueUnregisterQueue</name>
         <value>0x20007da5</value>
         <object_component_ref idref="oc-35a"/>
      </symbol>
      <symbol id="sm-11d5">
         <name>xQueueAltGenericReceive</name>
         <value>0x20007725</value>
         <object_component_ref idref="oc-35a"/>
      </symbol>
      <symbol id="sm-11d6">
         <name>uxQueueMessagesWaitingFromISR</name>
         <value>0x20007af3</value>
         <object_component_ref idref="oc-35a"/>
      </symbol>
      <symbol id="sm-11d7">
         <name>uxQueueGetQueueNumber</name>
         <value>0x20007b29</value>
         <object_component_ref idref="oc-35a"/>
      </symbol>
      <symbol id="sm-11d8">
         <name>xQueueGenericReceive</name>
         <value>0x200078bf</value>
         <object_component_ref idref="oc-35a"/>
      </symbol>
      <symbol id="sm-11d9">
         <name>xQueueCreateCountingSemaphore</name>
         <value>0x2000754d</value>
         <object_component_ref idref="oc-35a"/>
      </symbol>
      <symbol id="sm-11da">
         <name>vQueueDelete</name>
         <value>0x20007b05</value>
         <object_component_ref idref="oc-35a"/>
      </symbol>
      <symbol id="sm-11db">
         <name>xQueueAddToSet</name>
         <value>0x20007df3</value>
         <object_component_ref idref="oc-35a"/>
      </symbol>
      <symbol id="sm-11dc">
         <name>xQueueAltGenericSend</name>
         <value>0x20007679</value>
         <object_component_ref idref="oc-35a"/>
      </symbol>
      <symbol id="sm-11dd">
         <name>xQueueCreateSet</name>
         <value>0x20007ddf</value>
         <object_component_ref idref="oc-35a"/>
      </symbol>
      <symbol id="sm-11de">
         <name>xQueueRemoveFromSet</name>
         <value>0x20007e27</value>
         <object_component_ref idref="oc-35a"/>
      </symbol>
      <symbol id="sm-11df">
         <name>ucQueueGetQueueType</name>
         <value>0x20007b49</value>
         <object_component_ref idref="oc-35a"/>
      </symbol>
      <symbol id="sm-134f">
         <name>vTaskDelay</name>
         <value>0x2000463b</value>
         <object_component_ref idref="oc-7a"/>
      </symbol>
      <symbol id="sm-1350">
         <name>vTaskSuspendAll</name>
         <value>0x20004a9f</value>
         <object_component_ref idref="oc-7a"/>
      </symbol>
      <symbol id="sm-1351">
         <name>vTaskPriorityInherit</name>
         <value>0x200054dd</value>
         <object_component_ref idref="oc-7a"/>
      </symbol>
      <symbol id="sm-1352">
         <name>vTaskPlaceOnEventList</name>
         <value>0x20004e51</value>
         <object_component_ref idref="oc-7a"/>
      </symbol>
      <symbol id="sm-1353">
         <name>vTaskSetTaskNumber</name>
         <value>0x200050e9</value>
         <object_component_ref idref="oc-7a"/>
      </symbol>
      <symbol id="sm-1354">
         <name>xTaskCheckForTimeOut</name>
         <value>0x20005041</value>
         <object_component_ref idref="oc-7a"/>
      </symbol>
      <symbol id="sm-1355">
         <name>xTaskRemoveFromUnorderedEventList</name>
         <value>0x20004fad</value>
         <object_component_ref idref="oc-7a"/>
      </symbol>
      <symbol id="sm-1356">
         <name>vTaskPrioritySet</name>
         <value>0x2000475d</value>
         <object_component_ref idref="oc-7a"/>
      </symbol>
      <symbol id="sm-1357">
         <name>vTaskStartScheduler</name>
         <value>0x20004a43</value>
         <object_component_ref idref="oc-7a"/>
      </symbol>
      <symbol id="sm-1358">
         <name>pcTaskGetTaskName</name>
         <value>0x20004bb5</value>
         <object_component_ref idref="oc-7a"/>
      </symbol>
      <symbol id="sm-1359">
         <name>vTaskPriorityDisinherit</name>
         <value>0x20005597</value>
         <object_component_ref idref="oc-7a"/>
      </symbol>
      <symbol id="sm-135a">
         <name>vTaskDelayUntil</name>
         <value>0x2000459f</value>
         <object_component_ref idref="oc-7a"/>
      </symbol>
      <symbol id="sm-135b">
         <name>uxTaskGetTaskNumber</name>
         <value>0x200050c9</value>
         <object_component_ref idref="oc-7a"/>
      </symbol>
      <symbol id="sm-135c">
         <name>vTaskEndScheduler</name>
         <value>0x20004a8d</value>
         <object_component_ref idref="oc-7a"/>
      </symbol>
      <symbol id="sm-135d">
         <name>vTaskMissedYield</name>
         <value>0x200050bb</value>
         <object_component_ref idref="oc-7a"/>
      </symbol>
      <symbol id="sm-135e">
         <name>uxTaskGetNumberOfTasks</name>
         <value>0x20004ba9</value>
         <object_component_ref idref="oc-7a"/>
      </symbol>
      <symbol id="sm-135f">
         <name>uxTaskPriorityGet</name>
         <value>0x20004725</value>
         <object_component_ref idref="oc-7a"/>
      </symbol>
      <symbol id="sm-1360">
         <name>xTaskResumeAll</name>
         <value>0x20004ab1</value>
         <object_component_ref idref="oc-7a"/>
      </symbol>
      <symbol id="sm-1361">
         <name>xTaskGetTickCount</name>
         <value>0x20004b7d</value>
         <object_component_ref idref="oc-7a"/>
      </symbol>
      <symbol id="sm-1362">
         <name>xTaskGenericCreate</name>
         <value>0x20004401</value>
         <object_component_ref idref="oc-7a"/>
      </symbol>
      <symbol id="sm-1363">
         <name>uxTaskGetSystemState</name>
         <value>0x20004bd9</value>
         <object_component_ref idref="oc-7a"/>
      </symbol>
      <symbol id="sm-1364">
         <name>vTaskDelete</name>
         <value>0x2000450f</value>
         <object_component_ref idref="oc-7a"/>
      </symbol>
      <symbol id="sm-1365">
         <name>pxCurrentTCB</name>
         <value>0x200193c4</value>
         <object_component_ref idref="oc-80"/>
      </symbol>
      <symbol id="sm-1366">
         <name>eTaskGetState</name>
         <value>0x20004691</value>
         <object_component_ref idref="oc-7a"/>
      </symbol>
      <symbol id="sm-1367">
         <name>vTaskSuspend</name>
         <value>0x20004861</value>
         <object_component_ref idref="oc-7a"/>
      </symbol>
      <symbol id="sm-1368">
         <name>xTaskGetIdleTaskHandle</name>
         <value>0x20004c97</value>
         <object_component_ref idref="oc-7a"/>
      </symbol>
      <symbol id="sm-1369">
         <name>xTaskGetTickCountFromISR</name>
         <value>0x20004b91</value>
         <object_component_ref idref="oc-7a"/>
      </symbol>
      <symbol id="sm-136a">
         <name>vTaskResume</name>
         <value>0x20004955</value>
         <object_component_ref idref="oc-7a"/>
      </symbol>
      <symbol id="sm-136b">
         <name>vTaskSetTimeOutState</name>
         <value>0x2000501b</value>
         <object_component_ref idref="oc-7a"/>
      </symbol>
      <symbol id="sm-136c">
         <name>xTaskIncrementTick</name>
         <value>0x20004cb5</value>
         <object_component_ref idref="oc-7a"/>
      </symbol>
      <symbol id="sm-136d">
         <name>vTaskSwitchContext</name>
         <value>0x20004dd1</value>
         <object_component_ref idref="oc-7a"/>
      </symbol>
      <symbol id="sm-136e">
         <name>uxTaskResetEventItemValue</name>
         <value>0x20005621</value>
         <object_component_ref idref="oc-7a"/>
      </symbol>
      <symbol id="sm-136f">
         <name>xTaskGetSchedulerState</name>
         <value>0x200054a5</value>
         <object_component_ref idref="oc-7a"/>
      </symbol>
      <symbol id="sm-1370">
         <name>xTaskResumeFromISR</name>
         <value>0x200049c9</value>
         <object_component_ref idref="oc-7a"/>
      </symbol>
      <symbol id="sm-1371">
         <name>xTaskGetCurrentTaskHandle</name>
         <value>0x20005491</value>
         <object_component_ref idref="oc-7a"/>
      </symbol>
      <symbol id="sm-1372">
         <name>vTaskPlaceOnUnorderedEventList</name>
         <value>0x20004eb5</value>
         <object_component_ref idref="oc-7a"/>
      </symbol>
      <symbol id="sm-1373">
         <name>xTaskRemoveFromEventList</name>
         <value>0x20004f25</value>
         <object_component_ref idref="oc-7a"/>
      </symbol>
      <symbol id="sm-1383">
         <name>pvPortMalloc</name>
         <value>0x2000dd01</value>
         <object_component_ref idref="oc-e8"/>
      </symbol>
      <symbol id="sm-1384">
         <name>vPortFree</name>
         <value>0x2000dd21</value>
         <object_component_ref idref="oc-e8"/>
      </symbol>
      <symbol id="sm-139a">
         <name>uxListRemove</name>
         <value>0x2000af53</value>
         <object_component_ref idref="oc-d2"/>
      </symbol>
      <symbol id="sm-139b">
         <name>vListInsert</name>
         <value>0x2000aeed</value>
         <object_component_ref idref="oc-d2"/>
      </symbol>
      <symbol id="sm-139c">
         <name>vListInitialiseItem</name>
         <value>0x2000aea1</value>
         <object_component_ref idref="oc-d2"/>
      </symbol>
      <symbol id="sm-139d">
         <name>vListInsertEnd</name>
         <value>0x2000aeb1</value>
         <object_component_ref idref="oc-d2"/>
      </symbol>
      <symbol id="sm-139e">
         <name>vListInitialise</name>
         <value>0x2000ae71</value>
         <object_component_ref idref="oc-d2"/>
      </symbol>
      <symbol id="sm-143b">
         <name>SPIFIFODisable</name>
         <value>0x2000e493</value>
         <object_component_ref idref="oc-4cd"/>
      </symbol>
      <symbol id="sm-143c">
         <name>SPICSEnable</name>
         <value>0x2000e511</value>
         <object_component_ref idref="oc-6d3"/>
      </symbol>
      <symbol id="sm-143d">
         <name>SPIDisable</name>
         <value>0x2000e529</value>
         <object_component_ref idref="oc-4df"/>
      </symbol>
      <symbol id="sm-143e">
         <name>SPIFIFOEnable</name>
         <value>0x2000e4ad</value>
         <object_component_ref idref="oc-52d"/>
      </symbol>
      <symbol id="sm-143f">
         <name>SPIWordCountSet</name>
         <value>0x2000e29f</value>
         <object_component_ref idref="oc-6f1"/>
      </symbol>
      <symbol id="sm-1440">
         <name>SPIEnable</name>
         <value>0x2000e541</value>
         <object_component_ref idref="oc-545"/>
      </symbol>
      <symbol id="sm-1441">
         <name>SPIDmaEnable</name>
         <value>0x2000e479</value>
         <object_component_ref idref="oc-533"/>
      </symbol>
      <symbol id="sm-1442">
         <name>SPIConfigSetExpClk</name>
         <value>0x2000c395</value>
         <object_component_ref idref="oc-515"/>
      </symbol>
      <symbol id="sm-1443">
         <name>SPIFIFOLevelSet</name>
         <value>0x2000de15</value>
         <object_component_ref idref="oc-539"/>
      </symbol>
      <symbol id="sm-1444">
         <name>SPIDmaDisable</name>
         <value>0x2000e45f</value>
         <object_component_ref idref="oc-4d3"/>
      </symbol>
      <symbol id="sm-1445">
         <name>SPIReset</name>
         <value>0x2000e27d</value>
         <object_component_ref idref="oc-4e5"/>
      </symbol>
      <symbol id="sm-1446">
         <name>SPIIntEnable</name>
         <value>0x2000d771</value>
         <object_component_ref idref="oc-53f"/>
      </symbol>
      <symbol id="sm-1447">
         <name>SPIIntClear</name>
         <value>0x2000d931</value>
         <object_component_ref idref="oc-66c"/>
      </symbol>
      <symbol id="sm-1448">
         <name>SPICSDisable</name>
         <value>0x2000e4f9</value>
         <object_component_ref idref="oc-4d9"/>
      </symbol>
      <symbol id="sm-149f">
         <name>uDMAChannelControlSet</name>
         <value>0x2000dcc5</value>
         <object_component_ref idref="oc-6d9"/>
      </symbol>
      <symbol id="sm-14a0">
         <name>uDMAChannelAttributeEnable</name>
         <value>0x2000d3f9</value>
         <object_component_ref idref="oc-6df"/>
      </symbol>
      <symbol id="sm-14a1">
         <name>uDMAChannelTransferSet</name>
         <value>0x2000b7fd</value>
         <object_component_ref idref="oc-6e5"/>
      </symbol>
      <symbol id="sm-14a2">
         <name>uDMAChannelAssign</name>
         <value>0x2000d809</value>
         <object_component_ref idref="oc-521"/>
      </symbol>
      <symbol id="sm-14a3">
         <name>uDMAChannelAttributeDisable</name>
         <value>0x2000d395</value>
         <object_component_ref idref="oc-527"/>
      </symbol>
      <symbol id="sm-14a4">
         <name>uDMAChannelEnable</name>
         <value>0x2000e3f5</value>
         <object_component_ref idref="oc-6eb"/>
      </symbol>
      <symbol id="sm-14a5">
         <name>__TI_static_base__</name>
         <value>0x2000edd8</value>
      </symbol>
      <symbol id="sm-14a6">
         <name>__TI_args_main</name>
         <value>0x1</value>
      </symbol>
      <symbol id="sm-14a7">
         <name>SHT$$INIT_ARRAY$$Limit</name>
         <value>0x0</value>
      </symbol>
      <symbol id="sm-14a8">
         <name>SHT$$INIT_ARRAY$$Base</name>
         <value>0x0</value>
      </symbol>
   </symbol_table>
   <title>Link successful</title>
</link_info>
